Feature: Carga de pedidos a bodegas # app/features/scenario.feature:1

  Background:   # app/features/scenario.feature:3

  @paso_1 @modulo_carga_pedidos @tipo_seleccion
  Scenario: 1 Selección de bodega origen                                                 # app/features/scenario.feature:9
    Given el usuario está en la pantalla para cargar pedidos a bodegas                   # app/features/steps/scenario_steps_playwright.py:49
    And el sistema permite realizar pedidos desde el almacén central a distintas bodegas # app/features/steps/scenario_steps_playwright.py:52
    When el usuario selecciona el apartado "Bodega origen" y elige "Bodega 2"            # app/features/steps/scenario_steps_playwright.py:55
      Traceback (most recent call last):
        File "app/features/steps/scenario_steps_playwright.py", line 59, in when_usuario_selecciona_bodega_origen
          expect(combo).to_be_visible(timeout=TIMEOUT)
          ~~~~~~~~~~~~~~~~~~~~~~~~~~~^^^^^^^^^^^^^^^^^
        File "/Users/samedi/Documents/GitHub/video-qa-IA/venv/lib/python3.13/site-packages/playwright/sync_api/_generated.py", line 20168, in to_be_visible
          self._sync(self._impl_obj.to_be_visible(visible=visible, timeout=timeout))
          ~~~~~~~~~~^^^^^^^^^^^^^^^^^^^^^^^^^^^^^^^^^^^^^^^^^^^^^^^^^^^^^^^^^^^^^^^^
        File "/Users/samedi/Documents/GitHub/video-qa-IA/venv/lib/python3.13/site-packages/playwright/_impl/_sync_base.py", line 115, in _sync
          return task.result()
                 ~~~~~~~~~~~^^
        File "/Users/samedi/Documents/GitHub/video-qa-IA/venv/lib/python3.13/site-packages/playwright/_impl/_assertions.py", line 669, in to_be_visible
          await self._expect_impl(
          ...<4 lines>...
          )
        File "/Users/samedi/Documents/GitHub/video-qa-IA/venv/lib/python3.13/site-packages/playwright/_impl/_assertions.py", line 74, in _expect_impl
          raise AssertionError(
              f"{out_message}\nActual value: {actual} {format_call_log(result.get('log'))}"
          )
      AssertionError: Locator expected to be visible
      Actual value: <element(s) not found> 
      Call log:
        - LocatorAssertions.to_be_visible with timeout 5000ms
        -   - waiting for locator("#combobodega")
      
      
      During handling of the above exception, another exception occurred:
      
      Traceback (most recent call last):
        File "/Users/samedi/Documents/GitHub/video-qa-IA/venv/lib/python3.13/site-packages/behave/model.py", line 1329, in run
          match.run(runner.context)
          ~~~~~~~~~^^^^^^^^^^^^^^^^
        File "/Users/samedi/Documents/GitHub/video-qa-IA/venv/lib/python3.13/site-packages/behave/matchers.py", line 98, in run
          self.func(context, *args, **kwargs)
          ~~~~~~~~~^^^^^^^^^^^^^^^^^^^^^^^^^^
        File "app/features/steps/scenario_steps_playwright.py", line 66, in when_usuario_selecciona_bodega_origen
          raise Exception(f"Error al seleccionar la bodega origen: {str(e)}")
      Exception: Error al seleccionar la bodega origen: Locator expected to be visible
      Actual value: <element(s) not found> 
      Call log:
        - LocatorAssertions.to_be_visible with timeout 5000ms
        -   - waiting for locator("#combobodega")
      
      
      Captured logging:
      2025-02-06 11:18:32,467 - behave - DEBUG - Captura de pantalla del paso fallido guardada en: error_el_usuario_selecciona_el_apartado_"Bodega_origen"_y_elige_"Bodega_2".png
      2025-02-06 11:18:32,471 - behave - DEBUG - HTML del paso fallido guardado en: error_el_usuario_selecciona_el_apartado_"Bodega_origen"_y_elige_"Bodega_2".html

    Then la bodega origen es seleccionada correctamente                                  # None

  @paso_2 @modulo_carga_pedidos @tipo_ingreso_datos
  Scenario: 2 Ingreso de RUT                                                             # app/features/scenario.feature:14
    Given el usuario está en la pantalla para cargar pedidos a bodegas                   # app/features/steps/scenario_steps_playwright.py:49
    And el sistema permite realizar pedidos desde el almacén central a distintas bodegas # app/features/steps/scenario_steps_playwright.py:52
    When el usuario completa el campo "RUT" con "123456789"                              # app/features/steps/scenario_steps_playwright.py:70
    Then el RUT es ingresado correctamente                                               # app/features/steps/scenario_steps_playwright.py:76

  @paso_3 @modulo_carga_pedidos @tipo_seleccion
  Scenario: 3 Selección de destino                                                       # app/features/scenario.feature:19
    Given el usuario está en la pantalla para cargar pedidos a bodegas                   # app/features/steps/scenario_steps_playwright.py:49
    And el sistema permite realizar pedidos desde el almacén central a distintas bodegas # app/features/steps/scenario_steps_playwright.py:52
    When el usuario selecciona el apartado "Destino" y elige "ubicación número 1"        # app/features/steps/scenario_steps_playwright.py:79
      Traceback (most recent call last):
        File "app/features/steps/scenario_steps_playwright.py", line 83, in when_usuario_selecciona_destino
          expect(combo).to_be_visible(timeout=TIMEOUT)
          ~~~~~~~~~~~~~~~~~~~~~~~~~~~^^^^^^^^^^^^^^^^^
        File "/Users/samedi/Documents/GitHub/video-qa-IA/venv/lib/python3.13/site-packages/playwright/sync_api/_generated.py", line 20168, in to_be_visible
          self._sync(self._impl_obj.to_be_visible(visible=visible, timeout=timeout))
          ~~~~~~~~~~^^^^^^^^^^^^^^^^^^^^^^^^^^^^^^^^^^^^^^^^^^^^^^^^^^^^^^^^^^^^^^^^
        File "/Users/samedi/Documents/GitHub/video-qa-IA/venv/lib/python3.13/site-packages/playwright/_impl/_sync_base.py", line 115, in _sync
          return task.result()
                 ~~~~~~~~~~~^^
        File "/Users/samedi/Documents/GitHub/video-qa-IA/venv/lib/python3.13/site-packages/playwright/_impl/_assertions.py", line 669, in to_be_visible
          await self._expect_impl(
          ...<4 lines>...
          )
        File "/Users/samedi/Documents/GitHub/video-qa-IA/venv/lib/python3.13/site-packages/playwright/_impl/_assertions.py", line 74, in _expect_impl
          raise AssertionError(
              f"{out_message}\nActual value: {actual} {format_call_log(result.get('log'))}"
          )
      AssertionError: Locator expected to be visible
      Actual value: <element(s) not found> 
      Call log:
        - LocatorAssertions.to_be_visible with timeout 5000ms
        -   - waiting for locator("#comboubicacion")
      
      
      During handling of the above exception, another exception occurred:
      
      Traceback (most recent call last):
        File "/Users/samedi/Documents/GitHub/video-qa-IA/venv/lib/python3.13/site-packages/behave/model.py", line 1329, in run
          match.run(runner.context)
          ~~~~~~~~~^^^^^^^^^^^^^^^^
        File "/Users/samedi/Documents/GitHub/video-qa-IA/venv/lib/python3.13/site-packages/behave/matchers.py", line 98, in run
          self.func(context, *args, **kwargs)
          ~~~~~~~~~^^^^^^^^^^^^^^^^^^^^^^^^^^
        File "app/features/steps/scenario_steps_playwright.py", line 90, in when_usuario_selecciona_destino
          raise Exception(f"Error al seleccionar el destino: {str(e)}")
      Exception: Error al seleccionar el destino: Locator expected to be visible
      Actual value: <element(s) not found> 
      Call log:
        - LocatorAssertions.to_be_visible with timeout 5000ms
        -   - waiting for locator("#comboubicacion")
      
      
      Captured logging:
      2025-02-06 11:18:37,714 - behave - DEBUG - Captura de pantalla del paso fallido guardada en: error_el_usuario_selecciona_el_apartado_"Destino"_y_elige_"ubicación_número_1".png
      2025-02-06 11:18:37,719 - behave - DEBUG - HTML del paso fallido guardado en: error_el_usuario_selecciona_el_apartado_"Destino"_y_elige_"ubicación_número_1".html

    Then el destino es seleccionado correctamente                                        # None

  @paso_4 @modulo_carga_pedidos @tipo_ingreso_datos
  Scenario: 4 Ingreso de número de pedido                                                # app/features/scenario.feature:24
    Given el usuario está en la pantalla para cargar pedidos a bodegas                   # app/features/steps/scenario_steps_playwright.py:49
    And el sistema permite realizar pedidos desde el almacén central a distintas bodegas # app/features/steps/scenario_steps_playwright.py:52
    When el usuario completa el campo "número de pedido" con "987"                       # app/features/steps/scenario_steps_playwright.py:94
    Then el número de pedido es ingresado correctamente                                  # app/features/steps/scenario_steps_playwright.py:100

  @paso_5 @modulo_carga_pedidos @tipo_accion
  Scenario: 5 Grabación del pedido                                                       # app/features/scenario.feature:29
    Given el usuario está en la pantalla para cargar pedidos a bodegas                   # app/features/steps/scenario_steps_playwright.py:49
    And el sistema permite realizar pedidos desde el almacén central a distintas bodegas # app/features/steps/scenario_steps_playwright.py:52
    When el usuario hace clic en el botón "grabar pedidos"                               # app/features/steps/scenario_steps_playwright.py:103
    Then el pedido se completa                                                           # app/features/steps/scenario_steps_playwright.py:115
    And el pedido queda guardado en la base de datos                                     # app/features/steps/scenario_steps_playwright.py:119

